1788563720.947056 client started (41179): version 3.6, socket /tmp/tmux-1000/default, protocol 8
1788563720.947138 on Linux 7.0.0-29-generic #29-Ubuntu SMP PREEMPT_DYNAMIC Fri Jul 17 20:52:35 UTC 2026
1788563720.947150 using libevent 2.1.12-stable poll
1788563720.947156 using ncurses 6.6 20251231
1788563720.947198 flags are 0x18010000
1788563720.947223 socket is /tmp/tmux-1000/default
1788563720.947246 trying connect
1788563720.947282 connect failed: No such file or directory
1788563720.947300 lock file is /tmp/tmux-1000/default.lock
1788563720.947337 flock succeeded
1788563720.947342 got lock (6)
1788563720.947357 trying connect
1788563720.947376 connect failed: No such file or directory
1788563720.948029 add peer 0x774b538341c0: 7 ((nil))
1788563720.949166 sending message 111 to peer 0x774b538341c0 (8 bytes)
1788563720.949198 sending message 111 to peer 0x774b538341c0 (8 bytes)
1788563720.949206 sending message 101 to peer 0x774b538341c0 (15 bytes)
1788563720.949213 sending message 109 to peer 0x774b538341c0 (4 bytes)
1788563720.949219 sending message 102 to peer 0x774b538341c0 (11 bytes)
1788563720.949225 sending message 108 to peer 0x774b538341c0 (20 bytes)
1788563720.949231 sending message 112 to peer 0x774b538341c0 (58 bytes)
1788563720.949238 sending message 112 to peer 0x774b538341c0 (5 bytes)
1788563720.949244 sending message 112 to peer 0x774b538341c0 (5 bytes)
1788563720.949250 sending message 112 to peer 0x774b538341c0 (6 bytes)
1788563720.949256 sending message 112 to peer 0x774b538341c0 (6 bytes)
1788563720.949262 sending message 112 to peer 0x774b538341c0 (11 bytes)
1788563720.949267 sending message 112 to peer 0x774b538341c0 (10 bytes)
1788563720.949273 sending message 112 to peer 0x774b538341c0 (13 bytes)
1788563720.949279 sending message 112 to peer 0x774b538341c0 (14 bytes)
1788563720.949285 sending message 112 to peer 0x774b538341c0 (19 bytes)
1788563720.949291 sending message 112 to peer 0x774b538341c0 (11 bytes)
1788563720.949297 sending message 112 to peer 0x774b538341c0 (10 bytes)
1788563720.949302 sending message 112 to peer 0x774b538341c0 (15 bytes)
1788563720.949308 sending message 112 to peer 0x774b538341c0 (21 bytes)
1788563720.949314 sending message 112 to peer 0x774b538341c0 (13 bytes)
1788563720.949320 sending message 112 to peer 0x774b538341c0 (7 bytes)
1788563720.949326 sending message 112 to peer 0x774b538341c0 (13 bytes)
1788563720.949332 sending message 112 to peer 0x774b538341c0 (7 bytes)
1788563720.949341 sending message 112 to peer 0x774b538341c0 (13 bytes)
1788563720.949348 sending message 112 to peer 0x774b538341c0 (9 bytes)
1788563720.949354 sending message 112 to peer 0x774b538341c0 (21 bytes)
1788563720.949360 sending message 112 to peer 0x774b538341c0 (13 bytes)
1788563720.949366 sending message 112 to peer 0x774b538341c0 (9 bytes)
1788563720.949371 sending message 112 to peer 0x774b538341c0 (16 bytes)
1788563720.949377 sending message 112 to peer 0x774b538341c0 (13 bytes)
1788563720.949384 sending message 112 to peer 0x774b538341c0 (9 bytes)
1788563720.949390 sending message 112 to peer 0x774b538341c0 (9 bytes)
1788563720.949395 sending message 112 to peer 0x774b538341c0 (12 bytes)
1788563720.949401 sending message 112 to peer 0x774b538341c0 (8 bytes)
1788563720.949407 sending message 112 to peer 0x774b538341c0 (8 bytes)
1788563720.949413 sending message 112 to peer 0x774b538341c0 (13 bytes)
1788563720.949419 sending message 112 to peer 0x774b538341c0 (7 bytes)
1788563720.949425 sending message 112 to peer 0x774b538341c0 (7 bytes)
1788563720.949431 sending message 112 to peer 0x774b538341c0 (9 bytes)
1788563720.949437 sending message 112 to peer 0x774b538341c0 (9 bytes)
1788563720.949443 sending message 112 to peer 0x774b538341c0 (15 bytes)
1788563720.949448 sending message 112 to peer 0x774b538341c0 (13 bytes)
1788563720.949454 sending message 112 to peer 0x774b538341c0 (12 bytes)
1788563720.949460 sending message 112 to peer 0x774b538341c0 (8 bytes)
1788563720.949466 sending message 112 to peer 0x774b538341c0 (14 bytes)
1788563720.949472 sending message 112 to peer 0x774b538341c0 (11 bytes)
1788563720.949496 sending message 112 to peer 0x774b538341c0 (9 bytes)
1788563720.949503 sending message 112 to peer 0x774b538341c0 (10 bytes)
1788563720.949509 sending message 112 to peer 0x774b538341c0 (10 bytes)
1788563720.949515 sending message 112 to peer 0x774b538341c0 (10 bytes)
1788563720.949521 sending message 112 to peer 0x774b538341c0 (10 bytes)
1788563720.949528 sending message 112 to peer 0x774b538341c0 (11 bytes)
1788563720.949534 sending message 112 to peer 0x774b538341c0 (12 bytes)
1788563720.949540 sending message 112 to peer 0x774b538341c0 (12 bytes)
1788563720.949546 sending message 112 to peer 0x774b538341c0 (12 bytes)
1788563720.949553 sending message 112 to peer 0x774b538341c0 (12 bytes)
1788563720.949559 sending message 112 to peer 0x774b538341c0 (12 bytes)
1788563720.949565 sending message 112 to peer 0x774b538341c0 (11 bytes)
1788563720.949571 sending message 112 to peer 0x774b538341c0 (11 bytes)
1788563720.949577 sending message 112 to peer 0x774b538341c0 (12 bytes)
1788563720.949583 sending message 112 to peer 0x774b538341c0 (12 bytes)
1788563720.949600 sending message 112 to peer 0x774b538341c0 (12 bytes)
1788563720.949607 sending message 112 to peer 0x774b538341c0 (12 bytes)
1788563720.949614 sending message 112 to peer 0x774b538341c0 (12 bytes)
1788563720.949620 sending message 112 to peer 0x774b538341c0 (9 bytes)
1788563720.949626 sending message 112 to peer 0x774b538341c0 (12 bytes)
1788563720.949632 sending message 112 to peer 0x774b538341c0 (13 bytes)
1788563720.949638 sending message 112 to peer 0x774b538341c0 (13 bytes)
1788563720.949644 sending message 112 to peer 0x774b538341c0 (13 bytes)
1788563720.949651 sending message 112 to peer 0x774b538341c0 (13 bytes)
1788563720.949657 sending message 112 to peer 0x774b538341c0 (13 bytes)
1788563720.949663 sending message 112 to peer 0x774b538341c0 (8 bytes)
1788563720.949669 sending message 112 to peer 0x774b538341c0 (11 bytes)
1788563720.949675 sending message 112 to peer 0x774b538341c0 (11 bytes)
1788563720.949681 sending message 112 to peer 0x774b538341c0 (11 bytes)
1788563720.949711 sending message 112 to peer 0x774b538341c0 (12 bytes)
1788563720.949723 sending message 112 to peer 0x774b538341c0 (12 bytes)
1788563720.949729 sending message 112 to peer 0x774b538341c0 (12 bytes)
1788563720.949736 sending message 112 to peer 0x774b538341c0 (12 bytes)
1788563720.949742 sending message 112 to peer 0x774b538341c0 (13 bytes)
1788563720.949748 sending message 112 to peer 0x774b538341c0 (13 bytes)
1788563720.949754 sending message 112 to peer 0x774b538341c0 (13 bytes)
1788563720.949760 sending message 112 to peer 0x774b538341c0 (8 bytes)
1788563720.949766 sending message 112 to peer 0x774b538341c0 (13 bytes)
1788563720.949773 sending message 112 to peer 0x774b538341c0 (13 bytes)
1788563720.949779 sending message 112 to peer 0x774b538341c0 (13 bytes)
1788563720.949785 sending message 112 to peer 0x774b538341c0 (13 bytes)
1788563720.949791 sending message 112 to peer 0x774b538341c0 (13 bytes)
1788563720.949797 sending message 112 to peer 0x774b538341c0 (12 bytes)
1788563720.949803 sending message 112 to peer 0x774b538341c0 (12 bytes)
1788563720.949809 sending message 112 to peer 0x774b538341c0 (12 bytes)
1788563720.949815 sending message 112 to peer 0x774b538341c0 (12 bytes)
1788563720.949821 sending message 112 to peer 0x774b538341c0 (13 bytes)
1788563720.949827 sending message 112 to peer 0x774b538341c0 (8 bytes)
1788563720.949833 sending message 112 to peer 0x774b538341c0 (13 bytes)
1788563720.949839 sending message 112 to peer 0x774b538341c0 (13 bytes)
1788563720.949845 sending message 112 to peer 0x774b538341c0 (13 bytes)
1788563720.949851 sending message 112 to peer 0x774b538341c0 (13 bytes)
1788563720.949858 sending message 112 to peer 0x774b538341c0 (13 bytes)
1788563720.949865 sending message 112 to peer 0x774b538341c0 (13 bytes)
1788563720.949871 sending message 112 to peer 0x774b538341c0 (13 bytes)
1788563720.949877 sending message 112 to peer 0x774b538341c0 (12 bytes)
1788563720.949883 sending message 112 to peer 0x774b538341c0 (12 bytes)
1788563720.949899 sending message 112 to peer 0x774b538341c0 (12 bytes)
1788563720.949906 sending message 112 to peer 0x774b538341c0 (8 bytes)
1788563720.949912 sending message 112 to peer 0x774b538341c0 (12 bytes)
1788563720.949918 sending message 112 to peer 0x774b538341c0 (13 bytes)
1788563720.949924 sending message 112 to peer 0x774b538341c0 (13 bytes)
1788563720.949930 sending message 112 to peer 0x774b538341c0 (13 bytes)
1788563720.949936 sending message 112 to peer 0x774b538341c0 (13 bytes)
1788563720.949943 sending message 112 to peer 0x774b538341c0 (13 bytes)
1788563720.949949 sending message 112 to peer 0x774b538341c0 (13 bytes)
1788563720.949955 sending message 112 to peer 0x774b538341c0 (13 bytes)
1788563720.949961 sending message 112 to peer 0x774b538341c0 (13 bytes)
1788563720.949967 sending message 112 to peer 0x774b538341c0 (12 bytes)
1788563720.949973 sending message 112 to peer 0x774b538341c0 (10 bytes)
1788563720.949979 sending message 112 to peer 0x774b538341c0 (12 bytes)
1788563720.949985 sending message 112 to peer 0x774b538341c0 (12 bytes)
1788563720.949991 sending message 112 to peer 0x774b538341c0 (12 bytes)
1788563720.949998 sending message 112 to peer 0x774b538341c0 (13 bytes)
1788563720.950004 sending message 112 to peer 0x774b538341c0 (13 bytes)
1788563720.950010 sending message 112 to peer 0x774b538341c0 (13 bytes)
1788563720.950016 sending message 112 to peer 0x774b538341c0 (13 bytes)
1788563720.950022 sending message 112 to peer 0x774b538341c0 (13 bytes)
1788563720.950028 sending message 112 to peer 0x774b538341c0 (13 bytes)
1788563720.950044 sending message 112 to peer 0x774b538341c0 (13 bytes)
1788563720.950051 sending message 112 to peer 0x774b538341c0 (10 bytes)
1788563720.950057 sending message 112 to peer 0x774b538341c0 (13 bytes)
1788563720.950063 sending message 112 to peer 0x774b538341c0 (12 bytes)
1788563720.950069 sending message 112 to peer 0x774b538341c0 (12 bytes)
1788563720.950075 sending message 112 to peer 0x774b538341c0 (12 bytes)
1788563720.950081 sending message 112 to peer 0x774b538341c0 (10 bytes)
1788563720.950088 sending message 112 to peer 0x774b538341c0 (10 bytes)
1788563720.950094 sending message 112 to peer 0x774b538341c0 (10 bytes)
1788563720.950100 sending message 112 to peer 0x774b538341c0 (12 bytes)
1788563720.950106 sending message 112 to peer 0x774b538341c0 (13 bytes)
1788563720.950112 sending message 112 to peer 0x774b538341c0 (13 bytes)
1788563720.950118 sending message 112 to peer 0x774b538341c0 (13 bytes)
1788563720.950124 sending message 112 to peer 0x774b538341c0 (13 bytes)
1788563720.950130 sending message 112 to peer 0x774b538341c0 (13 bytes)
1788563720.950137 sending message 112 to peer 0x774b538341c0 (10 bytes)
1788563720.950143 sending message 112 to peer 0x774b538341c0 (11 bytes)
1788563720.950149 sending message 112 to peer 0x774b538341c0 (12 bytes)
1788563720.950155 sending message 112 to peer 0x774b538341c0 (12 bytes)
1788563720.950161 sending message 112 to peer 0x774b538341c0 (12 bytes)
1788563720.950167 sending message 112 to peer 0x774b538341c0 (12 bytes)
1788563720.950173 sending message 112 to peer 0x774b538341c0 (12 bytes)
1788563720.950179 sending message 112 to peer 0x774b538341c0 (11 bytes)
1788563720.950185 sending message 112 to peer 0x774b538341c0 (12 bytes)
1788563720.950191 sending message 112 to peer 0x774b538341c0 (12 bytes)
1788563720.950197 sending message 112 to peer 0x774b538341c0 (13 bytes)
1788563720.950203 sending message 112 to peer 0x774b538341c0 (13 bytes)
1788563720.950209 sending message 112 to peer 0x774b538341c0 (13 bytes)
1788563720.950215 sending message 112 to peer 0x774b538341c0 (13 bytes)
1788563720.950222 sending message 112 to peer 0x774b538341c0 (13 bytes)
1788563720.950228 sending message 112 to peer 0x774b538341c0 (10 bytes)
1788563720.950234 sending message 112 to peer 0x774b538341c0 (9 bytes)
1788563720.950240 sending message 112 to peer 0x774b538341c0 (12 bytes)
1788563720.950246 sending message 112 to peer 0x774b538341c0 (13 bytes)
1788563720.950252 sending message 112 to peer 0x774b538341c0 (13 bytes)
1788563720.950266 sending message 112 to peer 0x774b538341c0 (13 bytes)
1788563720.950272 sending message 112 to peer 0x774b538341c0 (13 bytes)
1788563720.950278 sending message 112 to peer 0x774b538341c0 (13 bytes)
1788563720.950284 sending message 112 to peer 0x774b538341c0 (9 bytes)
1788563720.950291 sending message 112 to peer 0x774b538341c0 (12 bytes)
1788563720.950297 sending message 112 to peer 0x774b538341c0 (13 bytes)
1788563720.950303 sending message 112 to peer 0x774b538341c0 (13 bytes)
1788563720.950309 sending message 112 to peer 0x774b538341c0 (13 bytes)
1788563720.950315 sending message 112 to peer 0x774b538341c0 (13 bytes)
1788563720.950321 sending message 112 to peer 0x774b538341c0 (13 bytes)
1788563720.950327 sending message 112 to peer 0x774b538341c0 (11 bytes)
1788563720.950333 sending message 112 to peer 0x774b538341c0 (12 bytes)
1788563720.950339 sending message 112 to peer 0x774b538341c0 (13 bytes)
1788563720.950346 sending message 112 to peer 0x774b538341c0 (13 bytes)
1788563720.950352 sending message 112 to peer 0x774b538341c0 (13 bytes)
1788563720.950358 sending message 112 to peer 0x774b538341c0 (13 bytes)
1788563720.950364 sending message 112 to peer 0x774b538341c0 (13 bytes)
1788563720.950370 sending message 112 to peer 0x774b538341c0 (11 bytes)
1788563720.950376 sending message 112 to peer 0x774b538341c0 (12 bytes)
1788563720.950382 sending message 112 to peer 0x774b538341c0 (12 bytes)
1788563720.950388 sending message 112 to peer 0x774b538341c0 (12 bytes)
1788563720.950394 sending message 112 to peer 0x774b538341c0 (12 bytes)
1788563720.950400 sending message 112 to peer 0x774b538341c0 (12 bytes)
1788563720.950406 sending message 112 to peer 0x774b538341c0 (21 bytes)
1788563720.950412 sending message 112 to peer 0x774b538341c0 (12 bytes)
1788563720.950418 sending message 112 to peer 0x774b538341c0 (9 bytes)
1788563720.950425 sending message 112 to peer 0x774b538341c0 (6 bytes)
1788563720.950435 sending message 112 to peer 0x774b538341c0 (13 bytes)
1788563720.950441 sending message 112 to peer 0x774b538341c0 (10 bytes)
1788563720.950454 sending message 112 to peer 0x774b538341c0 (24 bytes)
1788563720.950461 sending message 112 to peer 0x774b538341c0 (13 bytes)
1788563720.950467 sending message 112 to peer 0x774b538341c0 (9 bytes)
1788563720.950473 sending message 112 to peer 0x774b538341c0 (70 bytes)
1788563720.950480 sending message 112 to peer 0x774b538341c0 (69 bytes)
1788563720.950486 sending message 112 to peer 0x774b538341c0 (12 bytes)
1788563720.950492 sending message 112 to peer 0x774b538341c0 (10 bytes)
1788563720.950498 sending message 112 to peer 0x774b538341c0 (10 bytes)
1788563720.950504 sending message 112 to peer 0x774b538341c0 (24 bytes)
1788563720.950510 sending message 112 to peer 0x774b538341c0 (13 bytes)
1788563720.950516 sending message 112 to peer 0x774b538341c0 (10 bytes)
1788563720.950522 sending message 112 to peer 0x774b538341c0 (10 bytes)
1788563720.950529 sending message 112 to peer 0x774b538341c0 (10 bytes)
1788563720.950535 sending message 112 to peer 0x774b538341c0 (13 bytes)
1788563720.950541 sending message 112 to peer 0x774b538341c0 (15 bytes)
1788563720.950547 sending message 112 to peer 0x774b538341c0 (5 bytes)
1788563720.950555 sending message 104 to peer 0x774b538341c0 (0 bytes)
1788563720.950562 sending message 110 to peer 0x774b538341c0 (0 bytes)
1788563720.950570 sending message 107 to peer 0x774b538341c0 (4 bytes)
1788563720.950577 sending message 105 to peer 0x774b538341c0 (16 bytes)
1788563720.950583 sending message 105 to peer 0x774b538341c0 (19 bytes)
1788563720.950589 sending message 105 to peer 0x774b538341c0 (20 bytes)
1788563720.950595 sending message 105 to peer 0x774b538341c0 (45 bytes)
1788563720.950601 sending message 105 to peer 0x774b538341c0 (23 bytes)
1788563720.950607 sending message 105 to peer 0x774b538341c0 (44 bytes)
1788563720.950613 sending message 105 to peer 0x774b538341c0 (27 bytes)
1788563720.950620 sending message 105 to peer 0x774b538341c0 (48 bytes)
1788563720.950626 sending message 105 to peer 0x774b538341c0 (37 bytes)
1788563720.950638 sending message 105 to peer 0x774b538341c0 (51 bytes)
1788563720.950645 sending message 105 to peer 0x774b538341c0 (20 bytes)
1788563720.950651 sending message 105 to peer 0x774b538341c0 (23 bytes)
1788563720.950657 sending message 105 to peer 0x774b538341c0 (28 bytes)
1788563720.950663 sending message 105 to peer 0x774b538341c0 (30 bytes)
1788563720.950669 sending message 105 to peer 0x774b538341c0 (24 bytes)
1788563720.950675 sending message 105 to peer 0x774b538341c0 (27 bytes)
1788563720.950681 sending message 105 to peer 0x774b538341c0 (13 bytes)
1788563720.950701 sending message 105 to peer 0x774b538341c0 (25 bytes)
1788563720.950712 sending message 105 to peer 0x774b538341c0 (52 bytes)
1788563720.950718 sending message 105 to peer 0x774b538341c0 (22 bytes)
1788563720.950724 sending message 105 to peer 0x774b538341c0 (54 bytes)
1788563720.950731 sending message 105 to peer 0x774b538341c0 (16 bytes)
1788563720.950737 sending message 105 to peer 0x774b538341c0 (14 bytes)
1788563720.950744 sending message 105 to peer 0x774b538341c0 (17 bytes)
1788563720.950751 sending message 105 to peer 0x774b538341c0 (1764 bytes)
1788563720.950757 sending message 105 to peer 0x774b538341c0 (33 bytes)
1788563720.950764 sending message 105 to peer 0x774b538341c0 (125 bytes)
1788563720.950771 sending message 105 to peer 0x774b538341c0 (17 bytes)
1788563720.950777 sending message 105 to peer 0x774b538341c0 (26 bytes)
1788563720.950784 sending message 105 to peer 0x774b538341c0 (47 bytes)
1788563720.950790 sending message 105 to peer 0x774b538341c0 (16 bytes)
1788563720.950797 sending message 105 to peer 0x774b538341c0 (43 bytes)
1788563720.950803 sending message 105 to peer 0x774b538341c0 (34 bytes)
1788563720.950809 sending message 105 to peer 0x774b538341c0 (23 bytes)
1788563720.950815 sending message 105 to peer 0x774b538341c0 (20 bytes)
1788563720.950821 sending message 105 to peer 0x774b538341c0 (32 bytes)
1788563720.950827 sending message 105 to peer 0x774b538341c0 (10 bytes)
1788563720.950843 sending message 105 to peer 0x774b538341c0 (11 bytes)
1788563720.950850 sending message 105 to peer 0x774b538341c0 (8 bytes)
1788563720.950856 sending message 105 to peer 0x774b538341c0 (18 bytes)
1788563720.950863 sending message 105 to peer 0x774b538341c0 (88 bytes)
1788563720.950869 sending message 105 to peer 0x774b538341c0 (21 bytes)
1788563720.950875 sending message 105 to peer 0x774b538341c0 (31 bytes)
1788563720.950881 sending message 105 to peer 0x774b538341c0 (47 bytes)
1788563720.950887 sending message 105 to peer 0x774b538341c0 (24 bytes)
1788563720.950894 sending message 105 to peer 0x774b538341c0 (102 bytes)
1788563720.950901 sending message 105 to peer 0x774b538341c0 (114 bytes)
1788563720.950907 sending message 105 to peer 0x774b538341c0 (18 bytes)
1788563720.950913 sending message 105 to peer 0x774b538341c0 (45 bytes)
1788563720.950919 sending message 105 to peer 0x774b538341c0 (92 bytes)
1788563720.950925 sending message 105 to peer 0x774b538341c0 (20 bytes)
1788563720.950931 sending message 105 to peer 0x774b538341c0 (23 bytes)
1788563720.950938 sending message 105 to peer 0x774b538341c0 (18 bytes)
1788563720.950944 sending message 105 to peer 0x774b538341c0 (16 bytes)
1788563720.950950 sending message 106 to peer 0x774b538341c0 (0 bytes)
1788563720.951094 sending message 200 to peer 0x774b538341c0 (4 bytes)
1788563720.951102 client loop enter
1788563720.951135 client_signal: Child exited
1788563721.064431 peer 0x774b538341c0 message 207
1788563721.064465 sending message 208 to peer 0x774b538341c0 (0 bytes)
1788564001.490016 peer 0x774b538341c0 message 210
1788564001.490058 sending message 205 to peer 0x774b538341c0 (0 bytes)
1788564001.490522 peer 0x774b538341c0 message 204
1788564001.490552 client loop exit
